C51 COMPILER V9.01   51_0512                                                               05/12/2021 18:24:08 PAGE 1   


C51 COMPILER V9.01, COMPILATION OF MODULE 51_0512
OBJECT MODULE PLACED IN 51_0512.OBJ
COMPILER INVOKED BY: E:\keil\C51\BIN\C51.EXE 51_0512.c BROWSE DEBUG OBJECTEXTEND

line level    source

   1          //#include<reg52.h>
   2          //sbit led=P2^1;
   3          //void main()
   4          //{
   5          //      unsigned char cnt=0;
   6          //      TMOD=0x01;
   7          //      TH0=0xB1;
   8          //      TL0=0xE0;
   9          //      TR0=1;
  10          //      while(1)
  11          //      {
  12          //              if(TF0==1)
  13          //              {
  14          //                      TH0=0xB1;
  15          //                      TL0=0xE0;
  16          //                      TF0=0;  
  17          //                      cnt++;
  18          //                      if(cnt>=50)
  19          //                      {
  20          //                      cnt=0;
  21          //                      led=~led;
  22          //                      }
  23          //              }
  24          //      }       
  25          //}
  26          //数码管的应用
  27          //#include<reg52.h>
  28          //sbit q1=P2^2;
  29          //sbit q2=P2^3;
  30          //sbit q3=P2^4;
  31          //sbit a=P0^0;
  32          //sbit b=P0^1;
  33          //sbit c=P0^2;
  34          //sbit d=P0^3;
  35          //sbit e=P0^4;
  36          //sbit f=P0^5;
  37          //sbit g=P0^6;
  38          //sbit dp=P0^7;
  39          //void main()
  40          //{
  41          //      while(1)
  42          //      {
  43          //              q1=1;
  44          //              q2=1;
  45          //              q3=1;
  46          //              a=1;
  47          //              b=0;
  48          //              c=0;
  49          //              d=1;
  50          //              e=1;
  51          //              f=1;
  52          //              g=1;
  53          //              dp=1;
  54          //      }
  55          //
C51 COMPILER V9.01   51_0512                                                               05/12/2021 18:24:08 PAGE 2   

  56          //}
  57          //#include<reg52.h>
  58          //sbit q1=P2^2;
  59          //sbit q2=P2^3;
  60          //sbit q3=P2^4;
  61          //sbit a=P0^0;
  62          //sbit b=P0^1;
  63          //sbit c=P0^2;
  64          //sbit d=P0^3;
  65          //sbit e=P0^4;
  66          //sbit f=P0^5;
  67          //sbit g=P0^6;
  68          //sbit dp=P0^7;
  69          //void main()
  70          //{
  71          //while(1)
  72          //{
  73          //q1=0;
  74          //q2=0;
  75          //q3=0;
  76          //a=0;
  77          //b=1;
  78          //c=1;
  79          //d=0;
  80          //e=0;
  81          //f=0;
  82          //g=0;
  83          //dp=0;
  84          //}
  85          //
  86          //}
  87          //#include<reg52.h>
  88          //sbit a=P2^2;
  89          //sbit b=P2^3;
  90          //sbit c=P2^4;
  91          //void main()
  92          //{
  93          //      while(1)
  94          //      {
  95          //              a=1;
  96          //              b=0;
  97          //              c=0;
  98          //              P0=0x6D;
  99          //      }
 100          //
 101          //
 102          //
 103          //}
 104          
 105          
 106          //动态数字显示
 107          #include<reg52.h>
 108          
 109          sbit a=P2^2;
 110          sbit b=P2^3;
 111          sbit c=P2^4;
 112          unsigned char code LedChar[]={0x3f,0x06,0x5b,0x4f,0x66,0x6d,0x7d,0x07,0x7f,0x6f,0x77,0x7c,0x39,0x5e,0x79,0
             -x71};
 113          void main()
 114          {
 115   1              unsigned char cnt=0,sec=0;
 116   1              a=0;
C51 COMPILER V9.01   51_0512                                                               05/12/2021 18:24:08 PAGE 3   

 117   1              b=0;
 118   1              c=0;
 119   1              TMOD=0x01;
 120   1              TH0=0xB1;
 121   1              TL0=0xE0;
 122   1              TR0=1;
 123   1              while(1)
 124   1              {
 125   2                      if(TF0==1)
 126   2                      {
 127   3                              TF0=0;
 128   3                              TH0=0xB1;
 129   3                              TL0=0xE0;
 130   3                              cnt++;
 131   3                              if(cnt>=50)
 132   3                              {
 133   4                                      cnt=0;
 134   4                                      P0=LedChar[sec];
 135   4                                      sec++;
 136   4                                      if(sec>=16)
 137   4                                      {
 138   5                                              sec=0;
 139   5                                      }
 140   4                              }
 141   3                      }
 142   2              }
 143   1      }


MODULE INFORMATION:   STATIC OVERLAYABLE
   CODE SIZE        =     57    ----
   CONSTANT SIZE    =     16    ----
   XDATA SIZE       =   ----    ----
   PDATA SIZE       =   ----    ----
   DATA SIZE        =   ----    ----
   IDATA SIZE       =   ----    ----
   BIT SIZE         =   ----    ----
END OF MODULE INFORMATION.


C51 COMPILATION COMPLETE.  0 WARNING(S),  0 ERROR(S)
