C51 COMPILER V9.01   0515                                                                  05/15/2021 20:03:22 PAGE 1   


C51 COMPILER V9.01, COMPILATION OF MODULE 0515
OBJECT MODULE PLACED IN 0515.OBJ
COMPILER INVOKED BY: E:\keil\C51\BIN\C51.EXE 0515.c BROWSE DEBUG OBJECTEXTEND

line level    source

   1          #include<reg52.h>
   2          sbit a=P2^2;
   3          sbit b=P2^3;
   4          sbit c=P2^4;
   5          unsigned char code LedChar[16]={0x3f,0x06,0x5b,0x4f,0x66,0x6d,0x7d,0x07,0x7f,0x6f,0x77,0x7c,0x39,0x5e,0x79
             -,0x71} ;
   6          unsigned char LedBuff[8]={0x00,0x00,0x00,0x00,0x00,0x00,0x00,0x00};
   7          unsigned int cnt=0;
   8          unsigned char flag=0;
   9          unsigned long int sec=100000000;
  10          void main()
  11          {
  12   1              a=0;
  13   1              b=0;
  14   1              c=0;
  15   1              TMOD=0x10;
  16   1              TR1=1;
  17   1              TH1=0xFC;
  18   1              TL1=0x18;
  19   1              EA=1;
  20   1              ET1=1;
  21   1              while(1)
  22   1              {
  23   2                      if(flag==1)
  24   2                      {
  25   3                              flag=0;
  26   3                              sec--;
  27   3                              LedBuff[0]=LedChar[sec%10];
  28   3                              LedBuff[1]=LedChar[sec/10%10];
  29   3                              LedBuff[2]=LedChar[sec/100%10];
  30   3                              LedBuff[3]=LedChar[sec/1000%10];
  31   3                              LedBuff[4]=LedChar[sec/10000%10];
  32   3                              LedBuff[5]=LedChar[sec/100000%10];
  33   3                              LedBuff[6]=LedChar[sec/1000000%10];
  34   3                              LedBuff[7]=LedChar[sec/10000000%10];
  35   3                      }
  36   2              }
  37   1      }
  38          void InterruptTime()    interrupt 3
  39          {
  40   1              static unsigned char i=0;
  41   1              TH1=0xFC;
  42   1              TL1=0x18;       
  43   1              cnt++;
  44   1      
  45   1              if(cnt>=1000)
  46   1              {
  47   2                      cnt=0;
  48   2                      flag=1;
  49   2              }
  50   1              P0=0x00;
  51   1              switch(i)
  52   1              {
  53   2                      case 0:a=0;b=0;c=0;i++;P0=LedBuff[0];break;
  54   2                      case 1:a=1;b=0;c=0;i++;P0=LedBuff[1];break;
C51 COMPILER V9.01   0515                                                                  05/15/2021 20:03:22 PAGE 2   

  55   2                      case 2:a=0;b=1;c=0;i++;P0=LedBuff[2];break;             
  56   2                      case 3:a=1;b=1;c=0;i++;P0=LedBuff[3];break;             
  57   2                      case 4:a=0;b=0;c=1;i++;P0=LedBuff[4];break;             
  58   2                      case 5:a=1;b=0;c=1;i++;P0=LedBuff[5];break;             
  59   2                      case 6:a=0;b=1;c=1;i++;P0=LedBuff[6];break;             
  60   2                      case 7:a=1;b=1;c=1;i=0;P0=LedBuff[7];break;                     
  61   2              }
  62   1      }


MODULE INFORMATION:   STATIC OVERLAYABLE
   CODE SIZE        =    578    ----
   CONSTANT SIZE    =     16    ----
   XDATA SIZE       =   ----    ----
   PDATA SIZE       =   ----    ----
   DATA SIZE        =     16    ----
   IDATA SIZE       =   ----    ----
   BIT SIZE         =   ----    ----
END OF MODULE INFORMATION.


C51 COMPILATION COMPLETE.  0 WARNING(S),  0 ERROR(S)
